(type_declaration (type_spec type: (struct_type))) . [(field_declaration name: (field_identifier_list (field_identifier) @name) type: (type_identifier) @type (#any-eq? @name "Secret") (#eq? @type "string")) (field_declaration name: (field_identifier) @name type: (type_identifier) @type (#any-eq? @name "Secret") (#eq? @type "string"))] @target
